mt_ende_m4_p50 menu ['Online-W', 'Online-B', 'JDExploreAcademy', 'Online-A'] mu [-0.0315 -0.0413 -0.0422 -0.048 ] N 1315
                         max_act              max_wrong             
eps                        0.005  0.010 0.020     0.005  0.010 0.020
design                                                              
active_cvl:chrf             0.75  0.883   1.0     0.007  0.013   0.0
active_cvl:comet22          0.75  0.883   1.0     0.003  0.007   0.0
active_cvl:inv_comet22      0.75  0.883   1.0     0.007  0.010   0.0
active_cvl:mistral_7b       0.75  0.883   1.0     0.007  0.007   0.0
active_cvl:qwen3_8b         0.75  0.883   1.0     0.007  0.010   0.0
dedup                       0.75  0.883   1.0     0.013  0.017   0.0
uniform                     0.75  0.883   1.0     0.010  0.017   0.0
uniform_cvl:chrf            0.75  0.883   1.0     0.010  0.017   0.0
uniform_cvl:comet22         0.75  0.883   1.0     0.010  0.010   0.0
uniform_cvl:inv_comet22     0.75  0.883   1.0     0.007  0.017   0.0
uniform_cvl:mistral_7b      0.75  0.883   1.0     0.010  0.013   0.0
uniform_cvl:qwen3_8b        0.75  0.883   1.0     0.007  0.013   0.0
weighted                    0.75  0.883   1.0     0.007  0.013   0.0
weighted_cvl:chrf           0.75  0.883   1.0     0.007  0.013   0.0
weighted_cvl:comet22        0.75  0.883   1.0     0.003  0.010   0.0
weighted_cvl:inv_comet22    0.75  0.883   1.0     0.007  0.013   0.0
weighted_cvl:mistral_7b     0.75  0.883   1.0     0.003  0.010   0.0
weighted_cvl:qwen3_8b       0.75  0.883   1.0     0.003  0.017   0.0
mt_ende_m4_p100 menu ['Online-W', 'Online-B', 'JDExploreAcademy', 'Online-A'] mu [-0.0315 -0.0413 -0.0422 -0.048 ] N 1315
                         max_act             max_wrong             
eps                        0.005 0.010 0.020     0.005  0.010 0.020
design                                                             
active_cvl:chrf            0.877  0.95   1.0     0.000  0.003   0.0
active_cvl:comet22         0.877  0.95   1.0     0.003  0.003   0.0
active_cvl:inv_comet22     0.877  0.95   1.0     0.003  0.003   0.0
active_cvl:mistral_7b      0.877  0.95   1.0     0.003  0.003   0.0
active_cvl:qwen3_8b        0.877  0.95   1.0     0.003  0.003   0.0
dedup                      0.877  0.95   1.0     0.003  0.003   0.0
uniform                    0.877  0.95   1.0     0.003  0.007   0.0
uniform_cvl:chrf           0.877  0.95   1.0     0.003  0.003   0.0
uniform_cvl:comet22        0.877  0.95   1.0     0.003  0.003   0.0
uniform_cvl:inv_comet22    0.877  0.95   1.0     0.003  0.007   0.0
uniform_cvl:mistral_7b     0.877  0.95   1.0     0.003  0.003   0.0
uniform_cvl:qwen3_8b       0.877  0.95   1.0     0.003  0.003   0.0
weighted                   0.877  0.95   1.0     0.003  0.003   0.0
weighted_cvl:chrf          0.877  0.95   1.0     0.003  0.007   0.0
weighted_cvl:comet22       0.877  0.95   1.0     0.007  0.003   0.0
weighted_cvl:inv_comet22   0.877  0.95   1.0     0.003  0.003   0.0
weighted_cvl:mistral_7b    0.877  0.95   1.0     0.003  0.003   0.0
weighted_cvl:qwen3_8b      0.877  0.95   1.0     0.003  0.003   0.0
